[2026-07-26 19:53:08,477] multiqc                                            [DEBUG  ]  This is MultiQC v1.19
[2026-07-26 19:53:08,479] multiqc                                            [DEBUG  ]  Command used: /opt/conda/envs/bcr_env/bin/multiqc /data/user/epishkin/results/ERP003950/qc_trimmed/fastqc -o /data/user/epishkin/results/ERP003950/qc_trimmed/multiqc -n ERP003950_trimmed_multiqc -f
[2026-07-26 19:53:09,438] multiqc                                            [WARNING]  MultiQC Version v1.35 now available!
[2026-07-26 19:53:09,439] multiqc                                            [DEBUG  ]  Working dir : /data/user/epishkin/one-q/f339ae2f-0bc7-4ac8-ba8c-acd09921ce0e
[2026-07-26 19:53:09,439] multiqc                                            [DEBUG  ]  Template    : default
[2026-07-26 19:53:09,439] multiqc                                            [DEBUG  ]  Running Python 3.11.15 | packaged by conda-forge | (main, Jun 11 2026, 03:34:02) [GCC 14.3.0]
[2026-07-26 19:53:09,440] multiqc                                            [DEBUG  ]  Analysing modules: custom_content, ccs, ngsderive, purple, conpair, lima, peddy, somalier, methylQA, mosdepth, phantompeakqualtools, qualimap, preseq, hifiasm, quast, qorts, rna_seqc, rockhopper, rsem, rseqc, busco, bustools, goleft_indexcov, gffcompare, disambiguate, supernova, deeptools, sargasso, verifybamid, mirtrace, happy, mirtop, sambamba, gopeaks, homer, hops, macs2, theta2, snpeff, gatk, htseq, bcftools, featureCounts, fgbio, dragen, dragen_fastqc, dedup, pbmarkdup, damageprofiler, mapdamage, biobambam2, jcvi, mtnucratio, picard, vep, bakta, prokka, qc3C, nanostat, samblaster, samtools, sexdeterrmine, seqera_cli, eigenstratdatabasetools, bamtools, jellyfish, vcftools, longranger, stacks, varscan2, snippy, umitools, truvari, bbmap, bismark, biscuit, diamond, hicexplorer, hicup, hicpro, salmon, kallisto, slamdunk, star, hisat2, tophat, bowtie2, bowtie1, cellranger, snpsplit, odgi, pangolin, nextclade, freyja, humid, kat, leehom, librarian, adapterRemoval, bbduk, clipandmerge, cutadapt, flexbar, sourmash, kaiju, bracken, kraken, malt, motus, trimmomatic, sickle, skewer, sortmerna, biobloomtools, fastq_screen, afterqc, fastp, fastqc, filtlong, prinseqplusplus, pychopper, porechop, pycoqc, minionqc, anglerfish, multivcfanalyzer, clusterflow, checkqc, bcl2fastq, bclconvert, interop, ivar, flash, seqyclean, optitype, whatshap, xenome, xengsort
[2026-07-26 19:53:09,441] multiqc                                            [DEBUG  ]  Using temporary directory for creating report: /tmp/tmppe7fo_dm
[2026-07-26 19:53:09,442] multiqc                                            [INFO   ]  Search path : /data/user/epishkin/results/ERP003950/qc_trimmed/fastqc
[2026-07-26 19:53:09,703] multiqc                                            [DEBUG  ]  Summary of files that were skipped by the search: [skipped_module_specific_max_filesize: 156] // [skipped_no_match: 12]
[2026-07-26 19:53:10,085] multiqc.plots.bargraph                             [DEBUG  ]  Using matplotlib version 3.11.1
[2026-07-26 19:53:10,086] multiqc.plots.linegraph                            [DEBUG  ]  Using matplotlib version 3.11.1
[2026-07-26 19:53:10,086] multiqc                                            [DEBUG  ]  No samples found: custom_content
[2026-07-26 19:53:10,148] multiqc.modules.fastqc.fastqc                      [INFO   ]  Found 12 reports
[2026-07-26 19:53:10,183] multiqc.utils.software_versions                    [DEBUG  ]  Reading software versions from config.software_versions
[2026-07-26 19:53:10,193] multiqc                                            [DEBUG  ]  Compressing plot data
[2026-07-26 19:53:10,290] multiqc                                            [INFO   ]  Report      : ../../results/ERP003950/qc_trimmed/multiqc/ERP003950_trimmed_multiqc.html
[2026-07-26 19:53:10,290] multiqc                                            [INFO   ]  Data        : ../../results/ERP003950/qc_trimmed/multiqc/ERP003950_trimmed_multiqc_data
[2026-07-26 19:53:10,290] multiqc                                            [DEBUG  ]  Moving data file from '/tmp/tmppe7fo_dm/multiqc_data' to '/data/user/epishkin/results/ERP003950/qc_trimmed/multiqc/ERP003950_trimmed_multiqc_data'
[2026-07-26 19:53:10,296] multiqc                                            [DEBUG  ]  Full report path: /data/user/epishkin/results/ERP003950/qc_trimmed/multiqc/ERP003950_trimmed_multiqc.html
[2026-07-26 19:53:10,365] multiqc                                            [INFO   ]  MultiQC complete
